// Jest Snapshot v1, https://goo.gl/fbAQLP

exports[`libs/SCM/get-providers throws error if invalid config 1`] = `"Error: Invalid config for SCM provider: github.bot"`;
